// Jest Snapshot v1, https://goo.gl/fbAQLP

exports[`Test MovieDetailsPage component renders correctly 1`] = `
<div
  className="movie-details"
>
  <header
    className="header"
  >
    <h1>
      FILMS
    </h1>
    <UNDEFINED />
  </header>
  <div
    className="movie-details__content"
  >
    <div
      className="movie-details__title"
    >
      <h2>
        THE JUNGLE BOOK
      </h2>
      <ul
        className="movie-details__genre"
      >
        <li>
          Adventure
        </li>
        <li>
          Drama
        </li>
        <li>
          Family
        </li>
        <li>
          Fantasy
        </li>
        <li>
          1h 46m
        </li>
      </ul>
      <Stars />
    </div>
    <div
      className="movie-details__buttons"
    >
      <ModalInfo />
      <Btn
        className="btn__watch"
        title="Watch Now"
      />
      <Btn
        className="btn__info"
        title="View Info"
      />
    </div>
  </div>
</div>
`;
