// Jest Snapshot v1, https://goo.gl/fbAQLP

exports[`My Connected React-Redux Component renders Search component 1`] = `
<div
  className="header__search"
>
  <input
    onChange={[Function]}
    onKeyPress={[Function]}
    placeholder="the jungle book"
    type="text"
    value="test"
  />
  <span
    className="header__search-icon"
  />
</div>
`;
