// Jest Snapshot v1, https://goo.gl/fbAQLP

exports[`Test stars component renders correctly 1`] = `
<div
  className="stars__raiting"
>
  <span
    className="star__rating_active"
  >
    ğŸŸŠ
  </span>
  <span
    className="star__rating_active"
  >
    ğŸŸŠ
  </span>
  <span
    className="star__rating_active"
  >
    ğŸŸŠ
  </span>
  <span
    className="star__rating_inactive"
  >
    ğŸŸŠ
  </span>
  <span
    className="star__rating_inactive"
  >
    ğŸŸŠ
  </span>
  <div
    className="stars__raiting_value"
  >
    3
  </div>
</div>
`;
